// Jest Snapshot v1, https://goo.gl/fbAQLP

exports[`Loader renders correctly 1`] = `
<View
  style={
    Object {
      "alignItems": "center",
      "flex": 1,
      "justifyContent": "center",
    }
  }
  testID="loader"
>
  <Text
    style={
      Object {
        "color": "#fff",
        "fontSize": 24,
        "fontWeight": "500",
        "marginBottom": 12,
      }
    }
  >
    Loading...
  </Text>
  <ActivityIndicator
    color="#ff4e2b"
    size="large"
  />
</View>
`;
